2026-04-27 16:11:06 error: [Cake\View\Exception\MissingTemplateException] Template file `Articles\index.php` could not be found.

The following paths were searched:

- `C:\Users\isaac\my_app\templates\Articles\index.php`
- `C:\Users\isaac\my_app\vendor\cakephp\cakephp\templates\Articles\index.php`
 in C:\Users\isaac\my_app\vendor\cakephp\cakephp\src\View\View.php on line 1390
Exception Attributes: array (
  'file' => 'Articles\\index.php',
  'paths' => 
  array (
    0 => 'C:\\Users\\isaac\\my_app\\templates\\',
    1 => 'C:\\Users\\isaac\\my_app\\vendor\\cakephp\\cakephp\\templates\\',
  ),
)
Stack Trace:
- CORE\src\View\View.php:796
- CORE\src\Controller\Controller.php:710
- CORE\src\Controller\Controller.php:514
- CORE\src\Controller\ControllerFactory.php:166
- CORE\src\Controller\ControllerFactory.php:141
- CORE\src\Http\BaseApplication.php:362
- CORE\src\Http\Runner.php:86
- CORE\src\Http\Middleware\CsrfProtectionMiddleware.php:169
- CORE\src\Http\Runner.php:82
- CORE\src\Http\Middleware\BodyParserMiddleware.php:157
- CORE\src\Http\Runner.php:82
- CORE\src\Routing\Middleware\RoutingMiddleware.php:118
- CORE\src\Http\Runner.php:82
- CORE\src\Routing\Middleware\AssetMiddleware.php:71
- CORE\src\Http\Runner.php:82
- CORE\src\Error\Middleware\ErrorHandlerMiddleware.php:115
- CORE\src\Http\Runner.php:82
- ROOT\vendor\cakephp\debug_kit\src\Middleware\DebugKitMiddleware.php:60
- CORE\src\Http\Runner.php:82
- CORE\src\Http\Runner.php:60
- CORE\src\Http\Server.php:98
- ROOT\webroot\index.php:37
- [main]:

Request URL: /articles
2026-04-27 16:13:29 error: [Cake\Database\Exception\QueryException] [default] SQLSTATE[42S22]: Column not found: 1054 Unknown column 'published' in 'where clause'
Query: SELECT Articles.id AS Articles__id FROM articles Articles WHERE published = '1' ORDER BY created DESC in C:\Users\isaac\my_app\vendor\cakephp\cakephp\src\Database\Driver.php on line 390
Stack Trace:
- CORE\src\Database\Driver.php:366
- CORE\src\Database\Driver\Mysql.php:181
- CORE\src\Database\Connection.php:301
- CORE\src\Core\Retry\CommandRetry.php:71
- CORE\src\Database\Connection.php:301
- CORE\src\Database\Query.php:238
- CORE\src\Database\Query\SelectQuery.php:124
- CORE\src\ORM\Query\SelectQuery.php:1627
- CORE\src\ORM\Query\SelectQuery.php:389
- CORE\src\ORM\Query\SelectQuery.php:241
- ROOT\templates\Articles\index.php:3
- CORE\src\View\View.php:1201
- CORE\src\View\View.php:1158
- CORE\src\View\View.php:799
- CORE\src\Controller\Controller.php:710
- CORE\src\Controller\Controller.php:514
- CORE\src\Controller\ControllerFactory.php:166
- CORE\src\Controller\ControllerFactory.php:141
- CORE\src\Http\BaseApplication.php:362
- CORE\src\Http\Runner.php:86
- CORE\src\Http\Middleware\CsrfProtectionMiddleware.php:169
- CORE\src\Http\Runner.php:82
- CORE\src\Http\Middleware\BodyParserMiddleware.php:157
- CORE\src\Http\Runner.php:82
- CORE\src\Routing\Middleware\RoutingMiddleware.php:118
- CORE\src\Http\Runner.php:82
- CORE\src\Routing\Middleware\AssetMiddleware.php:71
- CORE\src\Http\Runner.php:82
- CORE\src\Error\Middleware\ErrorHandlerMiddleware.php:115
- CORE\src\Http\Runner.php:82
- ROOT\vendor\cakephp\debug_kit\src\Middleware\DebugKitMiddleware.php:60
- CORE\src\Http\Runner.php:82
- CORE\src\Http\Runner.php:60
- CORE\src\Http\Server.php:98
- ROOT\webroot\index.php:37
- [main]:

Caused by: [PDOException] SQLSTATE[42S22]: Column not found: 1054 Unknown column 'published' in 'where clause' in C:\Users\isaac\my_app\vendor\cakephp\cakephp\src\Database\Statement\Statement.php on line 144
Stack Trace:
- CORE\src\Database\Statement\Statement.php:144
- CORE\src\Database\Driver.php:348
- CORE\src\Database\Driver\Mysql.php:181
- CORE\src\Database\Connection.php:301
- CORE\src\Core\Retry\CommandRetry.php:71
- CORE\src\Database\Connection.php:301
- CORE\src\Database\Query.php:238
- CORE\src\Database\Query\SelectQuery.php:124
- CORE\src\ORM\Query\SelectQuery.php:1627
- CORE\src\ORM\Query\SelectQuery.php:389
- CORE\src\ORM\Query\SelectQuery.php:241
- ROOT\templates\Articles\index.php:3
- CORE\src\View\View.php:1201
- CORE\src\View\View.php:1158
- CORE\src\View\View.php:799
- CORE\src\Controller\Controller.php:710
- CORE\src\Controller\Controller.php:514
- CORE\src\Controller\ControllerFactory.php:166
- CORE\src\Controller\ControllerFactory.php:141
- CORE\src\Http\BaseApplication.php:362
- CORE\src\Http\Runner.php:86
- CORE\src\Http\Middleware\CsrfProtectionMiddleware.php:169
- CORE\src\Http\Runner.php:82
- CORE\src\Http\Middleware\BodyParserMiddleware.php:157
- CORE\src\Http\Runner.php:82
- CORE\src\Routing\Middleware\RoutingMiddleware.php:118
- CORE\src\Http\Runner.php:82
- CORE\src\Routing\Middleware\AssetMiddleware.php:71
- CORE\src\Http\Runner.php:82
- CORE\src\Error\Middleware\ErrorHandlerMiddleware.php:115
- CORE\src\Http\Runner.php:82
- ROOT\vendor\cakephp\debug_kit\src\Middleware\DebugKitMiddleware.php:60
- CORE\src\Http\Runner.php:82
- CORE\src\Http\Runner.php:60
- CORE\src\Http\Server.php:98
- ROOT\webroot\index.php:37
- [main]:

Request URL: /articles
2026-04-27 16:17:39 error: [Cake\Database\Exception\QueryException] [default] SQLSTATE[42S22]: Column not found: 1054 Unknown column 'published' in 'where clause'
Query: SELECT Articles.id AS Articles__id FROM articles Articles WHERE published = '1' ORDER BY created DESC in C:\Users\isaac\my_app\vendor\cakephp\cakephp\src\Database\Driver.php on line 390
Stack Trace:
- CORE\src\Database\Driver.php:366
- CORE\src\Database\Driver\Mysql.php:181
- CORE\src\Database\Connection.php:301
- CORE\src\Core\Retry\CommandRetry.php:71
- CORE\src\Database\Connection.php:301
- CORE\src\Database\Query.php:238
- CORE\src\Database\Query\SelectQuery.php:124
- CORE\src\ORM\Query\SelectQuery.php:1627
- CORE\src\ORM\Query\SelectQuery.php:389
- CORE\src\ORM\Query\SelectQuery.php:241
- ROOT\templates\Articles\index.php:3
- CORE\src\View\View.php:1201
- CORE\src\View\View.php:1158
- CORE\src\View\View.php:799
- CORE\src\Controller\Controller.php:710
- CORE\src\Controller\Controller.php:514
- CORE\src\Controller\ControllerFactory.php:166
- CORE\src\Controller\ControllerFactory.php:141
- CORE\src\Http\BaseApplication.php:362
- CORE\src\Http\Runner.php:86
- CORE\src\Http\Middleware\CsrfProtectionMiddleware.php:169
- CORE\src\Http\Runner.php:82
- CORE\src\Http\Middleware\BodyParserMiddleware.php:157
- CORE\src\Http\Runner.php:82
- CORE\src\Routing\Middleware\RoutingMiddleware.php:118
- CORE\src\Http\Runner.php:82
- CORE\src\Routing\Middleware\AssetMiddleware.php:71
- CORE\src\Http\Runner.php:82
- CORE\src\Error\Middleware\ErrorHandlerMiddleware.php:115
- CORE\src\Http\Runner.php:82
- ROOT\vendor\cakephp\debug_kit\src\Middleware\DebugKitMiddleware.php:60
- CORE\src\Http\Runner.php:82
- CORE\src\Http\Runner.php:60
- CORE\src\Http\Server.php:98
- ROOT\webroot\index.php:37
- [main]:

Caused by: [PDOException] SQLSTATE[42S22]: Column not found: 1054 Unknown column 'published' in 'where clause' in C:\Users\isaac\my_app\vendor\cakephp\cakephp\src\Database\Statement\Statement.php on line 144
Stack Trace:
- CORE\src\Database\Statement\Statement.php:144
- CORE\src\Database\Driver.php:348
- CORE\src\Database\Driver\Mysql.php:181
- CORE\src\Database\Connection.php:301
- CORE\src\Core\Retry\CommandRetry.php:71
- CORE\src\Database\Connection.php:301
- CORE\src\Database\Query.php:238
- CORE\src\Database\Query\SelectQuery.php:124
- CORE\src\ORM\Query\SelectQuery.php:1627
- CORE\src\ORM\Query\SelectQuery.php:389
- CORE\src\ORM\Query\SelectQuery.php:241
- ROOT\templates\Articles\index.php:3
- CORE\src\View\View.php:1201
- CORE\src\View\View.php:1158
- CORE\src\View\View.php:799
- CORE\src\Controller\Controller.php:710
- CORE\src\Controller\Controller.php:514
- CORE\src\Controller\ControllerFactory.php:166
- CORE\src\Controller\ControllerFactory.php:141
- CORE\src\Http\BaseApplication.php:362
- CORE\src\Http\Runner.php:86
- CORE\src\Http\Middleware\CsrfProtectionMiddleware.php:169
- CORE\src\Http\Runner.php:82
- CORE\src\Http\Middleware\BodyParserMiddleware.php:157
- CORE\src\Http\Runner.php:82
- CORE\src\Routing\Middleware\RoutingMiddleware.php:118
- CORE\src\Http\Runner.php:82
- CORE\src\Routing\Middleware\AssetMiddleware.php:71
- CORE\src\Http\Runner.php:82
- CORE\src\Error\Middleware\ErrorHandlerMiddleware.php:115
- CORE\src\Http\Runner.php:82
- ROOT\vendor\cakephp\debug_kit\src\Middleware\DebugKitMiddleware.php:60
- CORE\src\Http\Runner.php:82
- CORE\src\Http\Runner.php:60
- CORE\src\Http\Server.php:98
- ROOT\webroot\index.php:37
- [main]:

Request URL: /articles
2026-04-28 14:49:57 error: [Cake\View\Exception\MissingTemplateException] Template file `Articles\add.php` could not be found.

The following paths were searched:

- `C:\Users\isaac\my_app\templates\Articles\add.php`
- `C:\Users\isaac\my_app\vendor\cakephp\cakephp\templates\Articles\add.php`
 in C:\Users\isaac\my_app\vendor\cakephp\cakephp\src\View\View.php on line 1390
Exception Attributes: array (
  'file' => 'Articles\\add.php',
  'paths' => 
  array (
    0 => 'C:\\Users\\isaac\\my_app\\templates\\',
    1 => 'C:\\Users\\isaac\\my_app\\vendor\\cakephp\\cakephp\\templates\\',
  ),
)
Stack Trace:
- CORE\src\View\View.php:796
- CORE\src\Controller\Controller.php:710
- CORE\src\Controller\Controller.php:514
- CORE\src\Controller\ControllerFactory.php:166
- CORE\src\Controller\ControllerFactory.php:141
- CORE\src\Http\BaseApplication.php:362
- CORE\src\Http\Runner.php:86
- CORE\src\Http\Middleware\CsrfProtectionMiddleware.php:169
- CORE\src\Http\Runner.php:82
- CORE\src\Http\Middleware\BodyParserMiddleware.php:157
- CORE\src\Http\Runner.php:82
- CORE\src\Routing\Middleware\RoutingMiddleware.php:118
- CORE\src\Http\Runner.php:82
- CORE\src\Routing\Middleware\AssetMiddleware.php:71
- CORE\src\Http\Runner.php:82
- CORE\src\Error\Middleware\ErrorHandlerMiddleware.php:115
- CORE\src\Http\Runner.php:82
- ROOT\vendor\cakephp\debug_kit\src\Middleware\DebugKitMiddleware.php:60
- CORE\src\Http\Runner.php:82
- CORE\src\Http\Runner.php:60
- CORE\src\Http\Server.php:98
- ROOT\webroot\index.php:37
- [main]:

Request URL: /articles/add
Referer URL: http://localhost:8765/articles
